                                                                                
  ╔═══════════════════════════════════════════════════════════════════════════  
  ║                                                                             
  ║                           █████╗  ██████╗ ███████╗███╗   ██╗████████╗       
  ║                          ██╔══██╗██╔════╝ ██╔════╝████╗  ██║╚══██╔══╝       
  ║                          ███████║██║  ███╗█████╗  ██╔██╗ ██║   ██║          
  ║                          ██╔══██║██║   ██║██╔══╝  ██║╚██╗██║   ██║          
  ║                          ██║  ██║╚██████╔╝███████╗██║ ╚████║   ██║          
                                                                                
  ╭┤ Refactor database schema for better performance ├───────────────────────╮  
  │ ● Refactor database schema for better performance                        │  
  │ Running tests [45/67 tests passed]                                       │  
  ╰──────────────────────────────────────────────────────────────────────────╯  
  ╭┤ Add error handling for network timeouts ├───────────────────────────────╮  
  │ ✓ Add error handling for network timeouts                                │  
  │ Ready for review • 2h ago                                                │  
  ╰──────────────────────────────────────────────────────────────────────────╯  
  ╭┤ New Task ├──────────────────────────────────────────────────────────────╮  
  │                                                                          │  
  │  ┌─ Description ───────────────────────────────────────────────────────  │  
  │  │ Enter task description...                                             │  
  │                                                                          │  
  ╰──────────────────────────────────────────────────────────────────────────╯  
  ↑↓ Navigate • Enter Select Task • Ctrl+C x2 Quit                              