---
source: crates/ah-mux/src/tmux.rs
expression: snapshot
---
[?25h[m[H[Jecho 'Left pane content'[7Câ”‚echo 'Right pane content'
Left pane content[14Câ”‚[7;32Hâ”‚
