---
source: crates/ah-mux/src/tmux.rs
expression: snapshot
---

