---
source: crates/ah-mux/src/tmux.rs
expression: snapshot
---
[?25h[m[H[Jecho 'editor pane'[5Câ”‚echo 'agent pane'
editor pane[12Câ”‚[7;24Hâ”‚
