 Agent Harbor                                                                 
                                                                                
                                                                                
╭┤ Refactor database schema for better performance ├───────────────────────────╮
│ ● Refactor database schema for better performance                            │
│ Running tests [45/67 tests passed]                                           │
╰──────────────────────────────────────────────────────────────────────────────╯
╭┤ Add error handling for network timeouts ├───────────────────────────────────╮
│ ✓ Add error handling for network timeouts                                    │
│ Ready for review • 2h ago                                                    │
╰──────────────────────────────────────────────────────────────────────────────╯
╭┤ Update documentation for new API endpoints ├────────────────────────────────╮
│ ● Update documentation for new API endpoints                                 │
│ Merged 1d ago                                                                │
╰──────────────────────────────────────────────────────────────────────────────╯
                                                                                
                                                                                
╭┤ New Task ├──────────────────────────────────────────────────────────────────╮
│                                                                              │
│  ┌─ Description ───────────────────────────────────────────────────────────  │
│  │ Enter task description...                                              │  │
│                                                                              │
╰──────────────────────────────────────────────────────────────────────────────╯
Tab Cycle Buttons • Enter Activate Button • Esc Back • Ctrl+C x2 Quit           